// Jest Snapshot v1, https://goo.gl/fbAQLP

exports[`unit/Deposits #onERC721Received on successful transfer with staking data has gas cost 1`] = `4931234`;

exports[`unit/Deposits #transferDeposit has gas cost 1`] = `751716`;

exports[`unit/Deposits #withdrawToken works and has gas cost 1`] = `2277880`;
