// Jest Snapshot v1, https://goo.gl/fbAQLP

exports[`unit/Stakes #claimReward when requesting the full amount has gas cost 1`] = `1277543`;

exports[`unit/Stakes #stakeToken works and has gas cost 1`] = `1488252`;

exports[`unit/Stakes #unstakeToken works and has gas cost 1`] = `1731175`;
